<?xml version="1.0" encoding="UTF-8"?><mappingRoot xmlns="http://www.ibm.com/2008/ccl/Mapping" domainID="com.ibm.msl.mapping.xml" domainIDExtension="mb" mainMap="true" targetNamespace="default" version="8.0.5.0" xmlns:map="default">
    <input path="/MyModel.xsd"/>
    <output path="jar:file://!com/ibm/etools/mft/map/xsds/predefined/JsonDomainMsg.xsd" var="var1"/>
    <output derivedFrom="MB:JSON_schema_in_json_file" path="/MyJSONSchema.json" var="var"/>
    <namespaces>
        <namespace kind="supplement" prefix="out" uri="http://www.ibm.com/iib/msl/json"/>
        <namespace kind="extension" prefix="fn" uri="http://www.w3.org/2005/xpath-functions"/>
    </namespaces>
    <generation engine="xquery"/>
    <mappingDeclaration name="MyMessageFlow_Mapping">
        <input path="mb:msg(Message,assembly,XMLNSC,Properties)" var="ComIbmMessageAssembly_Message"/>
        <output namespace="http://www.ibm.com/iib/msl/json" path="$var1/mb:msg(JSON,assembly,JSON,Properties)" var="ComIbmMessageAssembly_JSON">
            <cast derivedFrom="MB:JSON_TYPE" path="$ComIbmMessageAssembly_JSON/JSON/Data/type('anyType')" qualifier="{http://www.ibm.com/iib/msl/json}MyJSONSchema_JsonType" ref="var"/>
        </output>
        <move>
            <input path="$ComIbmMessageAssembly_Message/Properties"/>
            <output path="$ComIbmMessageAssembly_JSON/Properties"/>
        </move>
        <function ref="fn:upper-case">
            <input path="$ComIbmMessageAssembly_Message/Message/Child" var="Child"/>
            <output path="$ComIbmMessageAssembly_JSON/JSON/spath('Data',2)/Output"/>
            <param name="string" value="$Child"/>
        </function>
    </mappingDeclaration>
</mappingRoot>